FLUSH 1772465847.3568
PROGRESS 1772465847.3639
FLUSH 1772466123.7456
PROGRESS 1772466123.7509
FLUSH 1772466125.9719
PROGRESS 1772466125.9768
FLUSH 1772466128.0611
PROGRESS 1772466128.0661
FLUSH 1772466261.7946
PROGRESS 1772466261.8003
FLUSH 1772466269.0245
PROGRESS 1772466269.0293
FLUSH 1772466270.7476
PROGRESS 1772466270.7518
FLUSH 1772466272.5133
PROGRESS 1772466272.5184
FLUSH 1772466274.2453
PROGRESS 1772466274.2502
FLUSH 1772466275.4144
PROGRESS 1772466275.4189
FLUSH 1772466326.0956
PROGRESS 1772466326.1018
FLUSH 1772466329.1996
PROGRESS 1772466329.2061
FLUSH 1772466331.1755
PROGRESS 1772466331.1812
FLUSH 1772466333.5587
PROGRESS 1772466333.5643
FLUSH 1772466335.4442
PROGRESS 1772466335.4492
FLUSH 1772466337.3789
PROGRESS 1772466337.3842
FLUSH 1772466338.9206
PROGRESS 1772466338.926
FLUSH 1772466341.1441
PROGRESS 1772466341.1499
FLUSH 1772466343.7604
PROGRESS 1772466343.7664
FLUSH 1772466345.8985
PROGRESS 1772466345.9044
FLUSH 1772466351.8101
PROGRESS 1772466351.8155
FLUSH 1772466354.1144
PROGRESS 1772466354.1208
FLUSH 1772466355.3191
PROGRESS 1772466355.3251
FLUSH 1772466356.547
PROGRESS 1772466356.5528
FLUSH 1772466371.484
PROGRESS 1772466371.4897
FLUSH 1772466376.4276
PROGRESS 1772466376.4332
FLUSH 1772466812.0645
PROGRESS 1772466812.0713
FLUSH 1772466816.5197
PROGRESS 1772466816.5255
FLUSH 1772466818.9898
PROGRESS 1772466818.9957
FLUSH 1772466821.2242
PROGRESS 1772466821.2301
FLUSH 1772466823.3154
PROGRESS 1772466823.3211
FLUSH 1772466904.8179
PROGRESS 1772466904.8231
FLUSH 1772466909.0369
PROGRESS 1772466909.0429
FLUSH 1772466913.2187
PROGRESS 1772466913.2241
FLUSH 1772466952.9369
PROGRESS 1772466952.9429
FLUSH 1772467316.1016
PROGRESS 1772467316.1076
FLUSH 1772467317.3176
PROGRESS 1772467317.3228
FLUSH 1772467793.7491
PROGRESS 1772467793.7551
FLUSH 1772467829.4317
PROGRESS 1772467829.4375
FLUSH 1772467853.1806
PROGRESS 1772467853.1872
FLUSH 1772468315.1722
PROGRESS 1772468315.1795
FLUSH 1772468321.8971
PROGRESS 1772468321.9023
FLUSH 1772468325.4334
PROGRESS 1772468325.4387
FLUSH 1772468332.5425
PROGRESS 1772468332.5482
FLUSH 1772478413.3728
PROGRESS 1772478413.3796
FLUSH 1772478431.3927
PROGRESS 1772478431.3982
